exports[`test should render CustomQueries 1`] = `
<div
  className="ui secondary vertical menu">
  <a
    className="item"
    onClick={[Function]}>
    Mes demandes par priorité
  </a>
  <a
    className="item"
    onClick={[Function]}>
    Demandes surveillées
  </a>
  <a
    className="item"
    onClick={[Function]}>
    Traité sans activité récente
  </a>
  <a
    className="item"
    onClick={[Function]}>
    Filtres du permanent
  </a>
  <div
    className="ui divider" />
  <div
    className="item"
    onClick={[Function]}>
    Recherche avancée
  </div>
</div>
`;
